1                  activate               0   0   0   0      0x0      0x0
15                 read                   0   0   0   0      0x0      0x0
17                 write                  0   0   0   0      0x0      0x0
19                 read                   0   0   0   0      0x0      0x0
21                 write                  0   0   0   0      0x0      0x0
23                 read                   0   0   0   0      0x0      0x0
25                 write                  0   0   0   0      0x0      0x0
27                 read                   0   0   0   0      0x0      0x0
29                 write                  0   0   0   0      0x0      0x0
31                 read                   0   0   0   0      0x0      0x0
33                 write                  0   0   0   0      0x0      0x0
35                 read                   0   0   0   0      0x0      0x0
37                 write                  0   0   0   0      0x0      0x0
39                 read                   0   0   0   0      0x0      0x0
41                 write                  0   0   0   0      0x0      0x0
43                 read                   0   0   0   0      0x0      0x0
45                 write                  0   0   0   0      0x0      0x0
47                 read                   0   0   0   0      0x0      0x0
49                 write                  0   0   0   0      0x0      0x0
51                 read                   0   0   0   0      0x0      0x0
53                 write                  0   0   0   0      0x0      0x0
55                 read                   0   0   0   0      0x0      0x0
57                 write                  0   0   0   0      0x0      0x0
59                 read                   0   0   0   0      0x0      0x0
61                 write                  0   0   0   0      0x0      0x0
63                 read                   0   0   0   0      0x0      0x0
65                 write                  0   0   0   0      0x0      0x0
67                 read                   0   0   0   0      0x0      0x0
69                 write                  0   0   0   0      0x0      0x0
71                 read                   0   0   0   0      0x0      0x0
73                 write                  0   0   0   0      0x0      0x0
75                 read                   0   0   0   0      0x0      0x0
77                 write                  0   0   0   0      0x0      0x0
79                 read                   0   0   0   0      0x0      0x0
81                 write                  0   0   0   0      0x0      0x0
83                 read                   0   0   0   0      0x0      0x0
85                 write                  0   0   0   0      0x0      0x0
87                 read                   0   0   0   0      0x0      0x0
89                 write                  0   0   0   0      0x0      0x0
91                 read                   0   0   0   0      0x0      0x0
93                 write                  0   0   0   0      0x0      0x0
95                 read                   0   0   0   0      0x0      0x0
97                 write                  0   0   0   0      0x0      0x0
99                 read                   0   0   0   0      0x0      0x0
101                write                  0   0   0   0      0x0      0x0
103                read                   0   0   0   0      0x0      0x0
105                write                  0   0   0   0      0x0      0x0
107                read                   0   0   0   0      0x0      0x0
109                write                  0   0   0   0      0x0      0x0
111                read                   0   0   0   0      0x0      0x0
113                write                  0   0   0   0      0x0      0x0
115                read                   0   0   0   0      0x0      0x0
117                write                  0   0   0   0      0x0      0x0
119                read                   0   0   0   0      0x0      0x0
121                write                  0   0   0   0      0x0      0x0
123                read                   0   0   0   0      0x0      0x0
125                write                  0   0   0   0      0x0      0x0
127                read                   0   0   0   0      0x0      0x0
129                write                  0   0   0   0      0x0      0x0
131                read                   0   0   0   0      0x0      0x0
133                write                  0   0   0   0      0x0      0x0
135                read                   0   0   0   0      0x0      0x0
137                write                  0   0   0   0      0x0      0x0
139                read                   0   0   0   0      0x0      0x0
141                write                  0   0   0   0      0x0      0x0
143                read                   0   0   0   0      0x0      0x0
145                write                  0   0   0   0      0x0      0x0
147                read                   0   0   0   0      0x0      0x0
149                write                  0   0   0   0      0x0      0x0
151                read                   0   0   0   0      0x0      0x0
153                write                  0   0   0   0      0x0      0x0
155                read                   0   0   0   0      0x0      0x0
157                write                  0   0   0   0      0x0      0x0
159                read                   0   0   0   0      0x0      0x0
161                write                  0   0   0   0      0x0      0x0
163                read                   0   0   0   0      0x0      0x0
165                write                  0   0   0   0      0x0      0x0
167                read                   0   0   0   0      0x0      0x0
169                write                  0   0   0   0      0x0      0x0
171                read                   0   0   0   0      0x0      0x0
173                write                  0   0   0   0      0x0      0x0
175                read                   0   0   0   0      0x0      0x0
177                write                  0   0   0   0      0x0      0x0
179                read                   0   0   0   0      0x0      0x0
181                write                  0   0   0   0      0x0      0x0
183                read                   0   0   0   0      0x0      0x0
185                write                  0   0   0   0      0x0      0x0
187                read                   0   0   0   0      0x0      0x0
189                write                  0   0   0   0      0x0      0x0
191                read                   0   0   0   0      0x0      0x0
193                write                  0   0   0   0      0x0      0x0
195                read                   0   0   0   0      0x0      0x0
197                write                  0   0   0   0      0x0      0x0
199                read                   0   0   0   0      0x0      0x0
201                write                  0   0   0   0      0x0      0x0
203                read                   0   0   0   0      0x0      0x0
205                write                  0   0   0   0      0x0      0x0
207                read                   0   0   0   0      0x0      0x0
209                write                  0   0   0   0      0x0      0x0
211                read                   0   0   0   0      0x0      0x0
213                write                  0   0   0   0      0x0      0x0
215                read                   0   0   0   0      0x0      0x0
217                write                  0   0   0   0      0x0      0x0
219                read                   0   0   0   0      0x0      0x0
221                write                  0   0   0   0      0x0      0x0
223                read                   0   0   0   0      0x0      0x0
225                write                  0   0   0   0      0x0      0x0
227                read                   0   0   0   0      0x0      0x0
229                write                  0   0   0   0      0x0      0x0
231                read                   0   0   0   0      0x0      0x0
233                write                  0   0   0   0      0x0      0x0
235                read                   0   0   0   0      0x0      0x0
237                write                  0   0   0   0      0x0      0x0
239                read                   0   0   0   0      0x0      0x0
241                write                  0   0   0   0      0x0      0x0
243                read                   0   0   0   0      0x0      0x0
245                write                  0   0   0   0      0x0      0x0
247                read                   0   0   0   0      0x0      0x0
249                write                  0   0   0   0      0x0      0x0
251                read                   0   0   0   0      0x0      0x0
253                write                  0   0   0   0      0x0      0x0
255                read                   0   0   0   0      0x0      0x0
257                write                  0   0   0   0      0x0      0x0
259                read                   0   0   0   0      0x0      0x0
261                write                  0   0   0   0      0x0      0x0
263                read                   0   0   0   0      0x0      0x0
265                write                  0   0   0   0      0x0      0x0
267                read                   0   0   0   0      0x0      0x0
269                write                  0   0   0   0      0x0      0x0
